
CH32V307VCT.elf:     file format elf32-littleriscv
CH32V307VCT.elf
architecture: riscv:rv32, flags 0x00000112:
EXEC_P, HAS_SYMS, D_PAGED
start address 0x00000000

Program Header:
    LOAD off    0x00001000 vaddr 0x00000000 paddr 0x00000000 align 2**12
         filesz 0x000008b0 memsz 0x000008b0 flags r-x
    LOAD off    0x00002000 vaddr 0x20000000 paddr 0x000008b0 align 2**12
         filesz 0x00000018 memsz 0x0000001c flags rw-
    LOAD off    0x00002800 vaddr 0x20007800 paddr 0x20007800 align 2**12
         filesz 0x00000000 memsz 0x00000800 flags rw-

Sections:
Idx Name          Size      VMA       LMA       File off  Algn
  0 .init         00000004  00000000  00000000  00001000  2**1
                  CONTENTS, ALLOC, LOAD, READONLY, CODE
  1 .vector       000001bc  00000004  00000004  00001004  2**1
                  CONTENTS, ALLOC, LOAD, READONLY, CODE
  2 .text         000006f0  000001c0  000001c0  000011c0  2**2
                  CONTENTS, ALLOC, LOAD, READONLY, CODE
  3 .fini         00000000  000008b0  000008b0  00002018  2**0
                  CONTENTS, ALLOC, LOAD, CODE
  4 .dalign       00000000  20000000  20000000  00002018  2**0
                  CONTENTS
  5 .dlalign      00000000  000008b0  000008b0  00002018  2**0
                  CONTENTS
  6 .data         00000018  20000000  000008b0  00002000  2**2
                  CONTENTS, ALLOC, LOAD, DATA
  7 .bss          00000004  20000018  000008c8  00002018  2**1
                  ALLOC
  8 .stack        00000800  20007800  20007800  00002800  2**0
                  ALLOC
  9 .debug_info   0000723f  00000000  00000000  00002018  2**0
                  CONTENTS, READONLY, DEBUGGING
 10 .debug_abbrev 000014b5  00000000  00000000  00009257  2**0
                  CONTENTS, READONLY, DEBUGGING
 11 .debug_aranges 00000458  00000000  00000000  0000a710  2**3
                  CONTENTS, READONLY, DEBUGGING
 12 .debug_ranges 00000418  00000000  00000000  0000ab68  2**3
                  CONTENTS, READONLY, DEBUGGING
 13 .debug_line   00005880  00000000  00000000  0000af80  2**0
                  CONTENTS, READONLY, DEBUGGING
 14 .debug_str    00001650  00000000  00000000  00010800  2**0
                  CONTENTS, READONLY, DEBUGGING
 15 .comment      00000033  00000000  00000000  00011e50  2**0
                  CONTENTS, READONLY
 16 .debug_frame  0000087c  00000000  00000000  00011e84  2**2
                  CONTENTS, READONLY, DEBUGGING
 17 .debug_loc    00001dc4  00000000  00000000  00012700  2**0
                  CONTENTS, READONLY, DEBUGGING
SYMBOL TABLE:
00000000 l    d  .init	00000000 .init
00000004 l    d  .vector	00000000 .vector
000001c0 l    d  .text	00000000 .text
000008b0 l    d  .fini	00000000 .fini
20000000 l    d  .dalign	00000000 .dalign
000008b0 l    d  .dlalign	00000000 .dlalign
20000000 l    d  .data	00000000 .data
20000018 l    d  .bss	00000000 .bss
20007800 l    d  .stack	00000000 .stack
00000000 l    d  .debug_info	00000000 .debug_info
00000000 l    d  .debug_abbrev	00000000 .debug_abbrev
00000000 l    d  .debug_aranges	00000000 .debug_aranges
00000000 l    d  .debug_ranges	00000000 .debug_ranges
00000000 l    d  .debug_line	00000000 .debug_line
00000000 l    d  .debug_str	00000000 .debug_str
00000000 l    d  .comment	00000000 .comment
00000000 l    d  .debug_frame	00000000 .debug_frame
00000000 l    d  .debug_loc	00000000 .debug_loc
00000000 l    df *ABS*	00000000 ./Startup/startup_ch32v30x_D8C.o
00000004 l       .vector	00000000 _vector_base
00000000 l    df *ABS*	00000000 ch32v30x_it.c
00000000 l    df *ABS*	00000000 main.c
00000000 l    df *ABS*	00000000 system_ch32v30x.c
00000000 l    df *ABS*	00000000 ch32v30x_gpio.c
00000000 l    df *ABS*	00000000 ch32v30x_rcc.c
20000000 l     O .data	00000010 APBAHBPrescTable
20000014 l     O .data	00000004 ADCPrescTable
00000000 l    df *ABS*	00000000 ch32v30x_usart.c
00000000 l    df *ABS*	00000000 debug.c
20000018 l     O .bss	00000002 p_ms
2000001a l     O .bss	00000001 p_us
00000462  w      .text	00000000 EXTI2_IRQHandler
00000462  w      .text	00000000 TIM8_TRG_COM_IRQHandler
00000462  w      .text	00000000 TIM8_CC_IRQHandler
00000462  w      .text	00000000 UART8_IRQHandler
20000810 g       .data	00000000 __global_pointer$
000001c8 g     F .text	00000028 .hidden __riscv_save_8
00000462  w      .text	00000000 TIM1_CC_IRQHandler
00000222 g     F .text	00000010 HardFault_Handler
00000214 g     F .text	0000000c .hidden __riscv_restore_3
00000462  w      .text	00000000 TIM6_IRQHandler
00000462  w      .text	00000000 SysTick_Handler
00000462  w      .text	00000000 PVD_IRQHandler
00000462  w      .text	00000000 SDIO_IRQHandler
00000462  w      .text	00000000 TIM9_BRK_IRQHandler
00000200 g     F .text	00000020 .hidden __riscv_restore_10
00000462  w      .text	00000000 DMA2_Channel8_IRQHandler
00000220 g     F .text	00000002 NMI_Handler
00000462  w      .text	00000000 CAN2_RX1_IRQHandler
00000462  w      .text	00000000 EXTI3_IRQHandler
000001c8 g     F .text	00000028 .hidden __riscv_save_11
00000462  w      .text	00000000 USBHS_IRQHandler
000007fa g     F .text	0000000a USART_GetFlagStatus
00000462  w      .text	00000000 DMA2_Channel9_IRQHandler
00000462  w      .text	00000000 TIM10_CC_IRQHandler
20000018 g       .bss	00000000 _sbss
00000800 g       *ABS*	00000000 __stack_size
00000462  w      .text	00000000 USBFS_IRQHandler
00000214 g     F .text	0000000c .hidden __riscv_restore_2
00000462  w      .text	00000000 EXTI0_IRQHandler
00000462  w      .text	00000000 I2C2_EV_IRQHandler
00000462  w      .text	00000000 TIM10_TRG_COM_IRQHandler
20000010 g     O .data	00000004 SystemCoreClock
00000004 g       .init	00000000 _einit
00000724 g     F .text	0000001e RCC_APB2PeriphClockCmd
000001c0 g     F .text	00000030 .hidden __riscv_save_12
00000462  w      .text	00000000 CAN2_SCE_IRQHandler
00000462  w      .text	00000000 ADC1_2_IRQHandler
000004ee g     F .text	000000c0 GPIO_Init
00000462  w      .text	00000000 Break_Point_Handler
00000200 g     F .text	00000020 .hidden __riscv_restore_11
00000462  w      .text	00000000 SPI1_IRQHandler
000007dc g     F .text	00000016 USART_Cmd
00000462  w      .text	00000000 TAMPER_IRQHandler
000001f0 g     F .text	0000000c .hidden __riscv_save_1
00000214 g     F .text	0000000c .hidden __riscv_restore_0
000001d6 g     F .text	0000001a .hidden __riscv_save_7
00000462  w      .text	00000000 CAN2_RX0_IRQHandler
00000462  w      .text	00000000 TIM8_UP_IRQHandler
00000462  w      .text	00000000 Ecall_M_Mode_Handler
20007800 g       .stack	00000000 _heap_end
0000020a g     F .text	00000016 .hidden __riscv_restore_5
00000462  w      .text	00000000 DMA2_Channel2_IRQHandler
00000462  w      .text	00000000 DMA1_Channel4_IRQHandler
00000462  w      .text	00000000 TIM9_UP_IRQHandler
0000020a g     F .text	00000016 .hidden __riscv_restore_6
00000462  w      .text	00000000 USART3_IRQHandler
00000462  w      .text	00000000 RTC_IRQHandler
2000001c g       .bss	00000000 _ebss
00000462  w      .text	00000000 DMA1_Channel7_IRQHandler
00000462  w      .text	00000000 CAN1_RX1_IRQHandler
00000804 g     F .text	0000002a Delay_Init
00000462  w      .text	00000000 DVP_IRQHandler
00000462  w      .text	00000000 UART5_IRQHandler
00000462  w      .text	00000000 TIM4_IRQHandler
000001c8 g     F .text	00000028 .hidden __riscv_save_9
00000462  w      .text	00000000 DMA2_Channel1_IRQHandler
0000026c g     F .text	00000046 USART1_SendNum
000001d6 g     F .text	0000001a .hidden __riscv_save_4
00000462  w      .text	00000000 I2C1_EV_IRQHandler
000005ae g     F .text	00000176 RCC_GetClocksFreq
00000462  w      .text	00000000 DMA1_Channel6_IRQHandler
00000462  w      .text	00000000 UART4_IRQHandler
00000462  w      .text	00000000 DMA2_Channel4_IRQHandler
00000742 g     F .text	0000009a USART_Init
00000462  w      .text	00000000 TIM3_IRQHandler
00000462  w      .text	00000000 RCC_IRQHandler
000001f0 g     F .text	0000000c .hidden __riscv_save_3
000002b2 g     F .text	00000066 USART1_Init
00000462  w      .text	00000000 TIM1_TRG_COM_IRQHandler
00000462  w      .text	00000000 DMA1_Channel1_IRQHandler
00000000 g       .init	00000000 _start
00000462  w      .text	00000000 DMA2_Channel7_IRQHandler
00000462  w      .text	00000000 EXTI15_10_IRQHandler
00000232 g     F .text	00000026 USART1_SendChar
00000462  w      .text	00000000 TIM7_IRQHandler
00000462  w      .text	00000000 CAN2_TX_IRQHandler
20000000 g       .dalign	00000000 _data_vma
00000462  w      .text	00000000 TIM5_IRQHandler
00000462  w      .text	00000000 EXTI9_5_IRQHandler
000001c8 g     F .text	00000028 .hidden __riscv_save_10
00000462  w      .text	00000000 ETH_WKUP_IRQHandler
0000020a g     F .text	00000016 .hidden __riscv_restore_4
00000200 g     F .text	00000020 .hidden __riscv_restore_8
000001d6 g     F .text	0000001a .hidden __riscv_save_6
00000462  w      .text	00000000 SPI2_IRQHandler
00000200 g     F .text	00000020 .hidden __riscv_restore_9
0000020a g     F .text	00000016 .hidden __riscv_restore_7
00000318 g     F .text	00000050 main
00000462  w      .text	00000000 TIM10_BRK_IRQHandler
00000462  w      .text	00000000 TIM9_CC_IRQHandler
00000462  w      .text	00000000 DMA2_Channel5_IRQHandler
00000462  w      .text	00000000 DMA1_Channel5_IRQHandler
00000462  w      .text	00000000 EXTI4_IRQHandler
0000082e g     F .text	00000036 Delay_Ms
00000462  w      .text	00000000 USB_LP_CAN1_RX0_IRQHandler
00000368 g     F .text	000000fa SystemInit
00000462  w      .text	00000000 RNG_IRQHandler
00000462  w      .text	00000000 USB_HP_CAN1_TX_IRQHandler
00000000 g       .init	00000000 _sinit
00000462  w      .text	00000000 DMA1_Channel3_IRQHandler
00000462  w      .text	00000000 ETH_IRQHandler
00000462  w      .text	00000000 TIM1_UP_IRQHandler
00000462  w      .text	00000000 WWDG_IRQHandler
00000462  w      .text	00000000 USBHSWakeup_IRQHandler
00000462  w      .text	00000000 DMA2_Channel11_IRQHandler
00000462  w      .text	00000000 Ecall_U_Mode_Handler
00000462  w      .text	00000000 DMA2_Channel6_IRQHandler
00000462  w      .text	00000000 TIM2_IRQHandler
20008000 g       .stack	00000000 _eusrstack
000001f0 g     F .text	0000000c .hidden __riscv_save_2
00000462  w      .text	00000000 SW_Handler
00000462  w      .text	00000000 TIM1_BRK_IRQHandler
000007f2 g     F .text	00000008 USART_SendData
00000462  w      .text	00000000 DMA2_Channel10_IRQHandler
00000462  w      .text	00000000 EXTI1_IRQHandler
000001d6 g     F .text	0000001a .hidden __riscv_save_5
20000018 g       .data	00000000 _edata
2000001c g       .bss	00000000 _end
00000462  w      .text	00000000 RTCAlarm_IRQHandler
000008b0 g       .dlalign	00000000 _data_lma
00000462  w      .text	00000000 TIM10_UP_IRQHandler
00000462  w      .text	00000000 TIM9_TRG_COM_IRQHandler
00000462  w      .text	00000000 UART7_IRQHandler
00000462  w      .text	00000000 USART2_IRQHandler
00000462  w      .text	00000000 UART6_IRQHandler
00000462  w      .text	00000000 I2C2_ER_IRQHandler
00000462  w      .text	00000000 DMA1_Channel2_IRQHandler
000001fc g     F .text	00000024 .hidden __riscv_restore_12
00000462  w      .text	00000000 TIM8_BRK_IRQHandler
00000464  w      .text	00000000 handle_reset
00000462  w      .text	00000000 CAN1_SCE_IRQHandler
000001f0 g     F .text	0000000c .hidden __riscv_save_0
00000462  w      .text	00000000 FLASH_IRQHandler
00000462  w      .text	00000000 USART1_IRQHandler
00000462  w      .text	00000000 SPI3_IRQHandler
00000462  w      .text	00000000 I2C1_ER_IRQHandler
00000214 g     F .text	0000000c .hidden __riscv_restore_1
00000258 g     F .text	00000014 USART1_SendString
00000462  w      .text	00000000 USBWakeUp_IRQHandler
00000462  w      .text	00000000 DMA2_Channel3_IRQHandler



Disassembly of section .init:

00000000 <_sinit>:
   0:	4640006f          	j	464 <handle_reset>

Disassembly of section .vector:

00000004 <_vector_base>:
	...
   c:	0220                	addi	s0,sp,264
   e:	0000                	unimp
  10:	0222                	slli	tp,tp,0x8
  12:	0000                	unimp
  14:	0000                	unimp
  16:	0000                	unimp
  18:	0462                	slli	s0,s0,0x18
	...
  22:	0000                	unimp
  24:	0462                	slli	s0,s0,0x18
  26:	0000                	unimp
  28:	0462                	slli	s0,s0,0x18
	...
  32:	0000                	unimp
  34:	0462                	slli	s0,s0,0x18
  36:	0000                	unimp
  38:	0000                	unimp
  3a:	0000                	unimp
  3c:	0462                	slli	s0,s0,0x18
  3e:	0000                	unimp
  40:	0000                	unimp
  42:	0000                	unimp
  44:	0462                	slli	s0,s0,0x18
  46:	0000                	unimp
  48:	0462                	slli	s0,s0,0x18
  4a:	0000                	unimp
  4c:	0462                	slli	s0,s0,0x18
  4e:	0000                	unimp
  50:	0462                	slli	s0,s0,0x18
  52:	0000                	unimp
  54:	0462                	slli	s0,s0,0x18
  56:	0000                	unimp
  58:	0462                	slli	s0,s0,0x18
  5a:	0000                	unimp
  5c:	0462                	slli	s0,s0,0x18
  5e:	0000                	unimp
  60:	0462                	slli	s0,s0,0x18
  62:	0000                	unimp
  64:	0462                	slli	s0,s0,0x18
  66:	0000                	unimp
  68:	0462                	slli	s0,s0,0x18
  6a:	0000                	unimp
  6c:	0462                	slli	s0,s0,0x18
  6e:	0000                	unimp
  70:	0462                	slli	s0,s0,0x18
  72:	0000                	unimp
  74:	0462                	slli	s0,s0,0x18
  76:	0000                	unimp
  78:	0462                	slli	s0,s0,0x18
  7a:	0000                	unimp
  7c:	0462                	slli	s0,s0,0x18
  7e:	0000                	unimp
  80:	0462                	slli	s0,s0,0x18
  82:	0000                	unimp
  84:	0462                	slli	s0,s0,0x18
  86:	0000                	unimp
  88:	0462                	slli	s0,s0,0x18
  8a:	0000                	unimp
  8c:	0462                	slli	s0,s0,0x18
  8e:	0000                	unimp
  90:	0462                	slli	s0,s0,0x18
  92:	0000                	unimp
  94:	0462                	slli	s0,s0,0x18
  96:	0000                	unimp
  98:	0462                	slli	s0,s0,0x18
  9a:	0000                	unimp
  9c:	0462                	slli	s0,s0,0x18
  9e:	0000                	unimp
  a0:	0462                	slli	s0,s0,0x18
  a2:	0000                	unimp
  a4:	0462                	slli	s0,s0,0x18
  a6:	0000                	unimp
  a8:	0462                	slli	s0,s0,0x18
  aa:	0000                	unimp
  ac:	0462                	slli	s0,s0,0x18
  ae:	0000                	unimp
  b0:	0462                	slli	s0,s0,0x18
  b2:	0000                	unimp
  b4:	0462                	slli	s0,s0,0x18
  b6:	0000                	unimp
  b8:	0462                	slli	s0,s0,0x18
  ba:	0000                	unimp
  bc:	0462                	slli	s0,s0,0x18
  be:	0000                	unimp
  c0:	0462                	slli	s0,s0,0x18
  c2:	0000                	unimp
  c4:	0462                	slli	s0,s0,0x18
  c6:	0000                	unimp
  c8:	0462                	slli	s0,s0,0x18
  ca:	0000                	unimp
  cc:	0462                	slli	s0,s0,0x18
  ce:	0000                	unimp
  d0:	0462                	slli	s0,s0,0x18
  d2:	0000                	unimp
  d4:	0462                	slli	s0,s0,0x18
  d6:	0000                	unimp
  d8:	0462                	slli	s0,s0,0x18
  da:	0000                	unimp
  dc:	0462                	slli	s0,s0,0x18
  de:	0000                	unimp
  e0:	0462                	slli	s0,s0,0x18
  e2:	0000                	unimp
  e4:	0462                	slli	s0,s0,0x18
  e6:	0000                	unimp
  e8:	0462                	slli	s0,s0,0x18
  ea:	0000                	unimp
  ec:	0462                	slli	s0,s0,0x18
  ee:	0000                	unimp
  f0:	0462                	slli	s0,s0,0x18
  f2:	0000                	unimp
  f4:	0462                	slli	s0,s0,0x18
  f6:	0000                	unimp
  f8:	0462                	slli	s0,s0,0x18
  fa:	0000                	unimp
  fc:	0462                	slli	s0,s0,0x18
  fe:	0000                	unimp
 100:	0462                	slli	s0,s0,0x18
 102:	0000                	unimp
 104:	0000                	unimp
 106:	0000                	unimp
 108:	0462                	slli	s0,s0,0x18
 10a:	0000                	unimp
 10c:	0462                	slli	s0,s0,0x18
 10e:	0000                	unimp
 110:	0462                	slli	s0,s0,0x18
 112:	0000                	unimp
 114:	0462                	slli	s0,s0,0x18
 116:	0000                	unimp
 118:	0462                	slli	s0,s0,0x18
 11a:	0000                	unimp
 11c:	0462                	slli	s0,s0,0x18
 11e:	0000                	unimp
 120:	0462                	slli	s0,s0,0x18
 122:	0000                	unimp
 124:	0462                	slli	s0,s0,0x18
 126:	0000                	unimp
 128:	0462                	slli	s0,s0,0x18
 12a:	0000                	unimp
 12c:	0462                	slli	s0,s0,0x18
 12e:	0000                	unimp
 130:	0462                	slli	s0,s0,0x18
 132:	0000                	unimp
 134:	0462                	slli	s0,s0,0x18
 136:	0000                	unimp
 138:	0462                	slli	s0,s0,0x18
 13a:	0000                	unimp
 13c:	0462                	slli	s0,s0,0x18
 13e:	0000                	unimp
 140:	0462                	slli	s0,s0,0x18
 142:	0000                	unimp
 144:	0462                	slli	s0,s0,0x18
 146:	0000                	unimp
 148:	0462                	slli	s0,s0,0x18
 14a:	0000                	unimp
 14c:	0462                	slli	s0,s0,0x18
 14e:	0000                	unimp
 150:	0462                	slli	s0,s0,0x18
 152:	0000                	unimp
 154:	0462                	slli	s0,s0,0x18
 156:	0000                	unimp
 158:	0462                	slli	s0,s0,0x18
 15a:	0000                	unimp
 15c:	0462                	slli	s0,s0,0x18
 15e:	0000                	unimp
 160:	0462                	slli	s0,s0,0x18
 162:	0000                	unimp
 164:	0462                	slli	s0,s0,0x18
 166:	0000                	unimp
 168:	0462                	slli	s0,s0,0x18
 16a:	0000                	unimp
 16c:	0462                	slli	s0,s0,0x18
 16e:	0000                	unimp
 170:	0462                	slli	s0,s0,0x18
 172:	0000                	unimp
 174:	0462                	slli	s0,s0,0x18
 176:	0000                	unimp
 178:	0462                	slli	s0,s0,0x18
 17a:	0000                	unimp
 17c:	0462                	slli	s0,s0,0x18
 17e:	0000                	unimp
 180:	0462                	slli	s0,s0,0x18
 182:	0000                	unimp
 184:	0462                	slli	s0,s0,0x18
 186:	0000                	unimp
 188:	0462                	slli	s0,s0,0x18
 18a:	0000                	unimp
 18c:	0462                	slli	s0,s0,0x18
 18e:	0000                	unimp
 190:	0462                	slli	s0,s0,0x18
 192:	0000                	unimp
 194:	0462                	slli	s0,s0,0x18
 196:	0000                	unimp
 198:	0462                	slli	s0,s0,0x18
 19a:	0000                	unimp
 19c:	0462                	slli	s0,s0,0x18
 19e:	0000                	unimp
 1a0:	0462                	slli	s0,s0,0x18
	...

Disassembly of section .text:

000001c0 <__riscv_save_12>:
 1c0:	7139                	addi	sp,sp,-64
 1c2:	4301                	li	t1,0
 1c4:	c66e                	sw	s11,12(sp)
 1c6:	a019                	j	1cc <__riscv_save_10+0x4>

000001c8 <__riscv_save_10>:
 1c8:	7139                	addi	sp,sp,-64
 1ca:	5341                	li	t1,-16
 1cc:	c86a                	sw	s10,16(sp)
 1ce:	ca66                	sw	s9,20(sp)
 1d0:	cc62                	sw	s8,24(sp)
 1d2:	ce5e                	sw	s7,28(sp)
 1d4:	a019                	j	1da <__riscv_save_4+0x4>

000001d6 <__riscv_save_4>:
 1d6:	7139                	addi	sp,sp,-64
 1d8:	5301                	li	t1,-32
 1da:	d05a                	sw	s6,32(sp)
 1dc:	d256                	sw	s5,36(sp)
 1de:	d452                	sw	s4,40(sp)
 1e0:	d64e                	sw	s3,44(sp)
 1e2:	d84a                	sw	s2,48(sp)
 1e4:	da26                	sw	s1,52(sp)
 1e6:	dc22                	sw	s0,56(sp)
 1e8:	de06                	sw	ra,60(sp)
 1ea:	40610133          	sub	sp,sp,t1
 1ee:	8282                	jr	t0

000001f0 <__riscv_save_0>:
 1f0:	1141                	addi	sp,sp,-16
 1f2:	c04a                	sw	s2,0(sp)
 1f4:	c226                	sw	s1,4(sp)
 1f6:	c422                	sw	s0,8(sp)
 1f8:	c606                	sw	ra,12(sp)
 1fa:	8282                	jr	t0

000001fc <__riscv_restore_12>:
 1fc:	4db2                	lw	s11,12(sp)
 1fe:	0141                	addi	sp,sp,16

00000200 <__riscv_restore_10>:
 200:	4d02                	lw	s10,0(sp)
 202:	4c92                	lw	s9,4(sp)
 204:	4c22                	lw	s8,8(sp)
 206:	4bb2                	lw	s7,12(sp)
 208:	0141                	addi	sp,sp,16

0000020a <__riscv_restore_4>:
 20a:	4b02                	lw	s6,0(sp)
 20c:	4a92                	lw	s5,4(sp)
 20e:	4a22                	lw	s4,8(sp)
 210:	49b2                	lw	s3,12(sp)
 212:	0141                	addi	sp,sp,16

00000214 <__riscv_restore_0>:
 214:	4902                	lw	s2,0(sp)
 216:	4492                	lw	s1,4(sp)
 218:	4422                	lw	s0,8(sp)
 21a:	40b2                	lw	ra,12(sp)
 21c:	0141                	addi	sp,sp,16
 21e:	8082                	ret

00000220 <NMI_Handler>:
 220:	a001                	j	220 <NMI_Handler>

00000222 <HardFault_Handler>:
 222:	beef07b7          	lui	a5,0xbeef0
 226:	e000e737          	lui	a4,0xe000e
 22a:	08078793          	addi	a5,a5,128 # beef0080 <_eusrstack+0x9eee8080>
 22e:	c73c                	sw	a5,72(a4)
 230:	a001                	j	230 <HardFault_Handler+0xe>

00000232 <USART1_SendChar>:
 232:	fbfff2ef          	jal	t0,1f0 <__riscv_save_0>
 236:	40014437          	lui	s0,0x40014
 23a:	84aa                	mv	s1,a0
 23c:	80040913          	addi	s2,s0,-2048 # 40013800 <_eusrstack+0x2000b800>
 240:	04000593          	li	a1,64
 244:	854a                	mv	a0,s2
 246:	2b55                	jal	7fa <USART_GetFlagStatus>
 248:	dd65                	beqz	a0,240 <USART1_SendChar+0xe>
 24a:	01049593          	slli	a1,s1,0x10
 24e:	81c1                	srli	a1,a1,0x10
 250:	80040513          	addi	a0,s0,-2048
 254:	2b79                	jal	7f2 <USART_SendData>
 256:	bf7d                	j	214 <__riscv_restore_0>

00000258 <USART1_SendString>:
 258:	f99ff2ef          	jal	t0,1f0 <__riscv_save_0>
 25c:	842a                	mv	s0,a0
 25e:	00040503          	lb	a0,0(s0)
 262:	e111                	bnez	a0,266 <USART1_SendString+0xe>
 264:	bf45                	j	214 <__riscv_restore_0>
 266:	37f1                	jal	232 <USART1_SendChar>
 268:	0405                	addi	s0,s0,1
 26a:	bfd5                	j	25e <USART1_SendString+0x6>

0000026c <USART1_SendNum>:
 26c:	f85ff2ef          	jal	t0,1f0 <__riscv_save_0>
 270:	1141                	addi	sp,sp,-16
 272:	c90d                	beqz	a0,2a4 <USART1_SendNum+0x38>
 274:	4401                	li	s0,0
 276:	4729                	li	a4,10
 278:	46a5                	li	a3,9
 27a:	005c                	addi	a5,sp,4
 27c:	00878633          	add	a2,a5,s0
 280:	02e577b3          	remu	a5,a0,a4
 284:	0405                	addi	s0,s0,1
 286:	03078793          	addi	a5,a5,48
 28a:	a21c                	sb	a5,0(a2)
 28c:	02e557b3          	divu	a5,a0,a4
 290:	00a6ef63          	bltu	a3,a0,2ae <USART1_SendNum+0x42>
 294:	147d                	addi	s0,s0,-1
 296:	005c                	addi	a5,sp,4
 298:	97a2                	add	a5,a5,s0
 29a:	00078503          	lb	a0,0(a5)
 29e:	3f51                	jal	232 <USART1_SendChar>
 2a0:	f875                	bnez	s0,294 <USART1_SendNum+0x28>
 2a2:	a021                	j	2aa <USART1_SendNum+0x3e>
 2a4:	03000513          	li	a0,48
 2a8:	3769                	jal	232 <USART1_SendChar>
 2aa:	0141                	addi	sp,sp,16
 2ac:	b7a5                	j	214 <__riscv_restore_0>
 2ae:	853e                	mv	a0,a5
 2b0:	b7e9                	j	27a <USART1_SendNum+0xe>

000002b2 <USART1_Init>:
 2b2:	f3fff2ef          	jal	t0,1f0 <__riscv_save_0>
 2b6:	1101                	addi	sp,sp,-32
 2b8:	4585                	li	a1,1
 2ba:	4511                	li	a0,4
 2bc:	c202                	sw	zero,4(sp)
 2be:	c402                	sw	zero,8(sp)
 2c0:	c602                	sw	zero,12(sp)
 2c2:	c802                	sw	zero,16(sp)
 2c4:	ca02                	sw	zero,20(sp)
 2c6:	cc02                	sw	zero,24(sp)
 2c8:	ce02                	sw	zero,28(sp)
 2ca:	29a9                	jal	724 <RCC_APB2PeriphClockCmd>
 2cc:	4585                	li	a1,1
 2ce:	6511                	lui	a0,0x4
 2d0:	2991                	jal	724 <RCC_APB2PeriphClockCmd>
 2d2:	20000793          	li	a5,512
 2d6:	827c                	sh	a5,4(sp)
 2d8:	40011537          	lui	a0,0x40011
 2dc:	47e1                	li	a5,24
 2de:	c63e                	sw	a5,12(sp)
 2e0:	004c                	addi	a1,sp,4
 2e2:	478d                	li	a5,3
 2e4:	80050513          	addi	a0,a0,-2048 # 40010800 <_eusrstack+0x20008800>
 2e8:	c43e                	sw	a5,8(sp)
 2ea:	2411                	jal	4ee <GPIO_Init>
 2ec:	67f1                	lui	a5,0x1c
 2ee:	40014437          	lui	s0,0x40014
 2f2:	20078793          	addi	a5,a5,512 # 1c200 <_data_lma+0x1b950>
 2f6:	c83e                	sw	a5,16(sp)
 2f8:	080c                	addi	a1,sp,16
 2fa:	000807b7          	lui	a5,0x80
 2fe:	80040513          	addi	a0,s0,-2048 # 40013800 <_eusrstack+0x2000b800>
 302:	cc3e                	sw	a5,24(sp)
 304:	ca02                	sw	zero,20(sp)
 306:	00011e23          	sh	zero,28(sp)
 30a:	2925                	jal	742 <USART_Init>
 30c:	4585                	li	a1,1
 30e:	80040513          	addi	a0,s0,-2048
 312:	21e9                	jal	7dc <USART_Cmd>
 314:	6105                	addi	sp,sp,32
 316:	bdfd                	j	214 <__riscv_restore_0>

00000318 <main>:
 318:	ed9ff2ef          	jal	t0,1f0 <__riscv_save_0>
 31c:	00001437          	lui	s0,0x1
 320:	21d5                	jal	804 <Delay_Init>
 322:	3f41                	jal	2b2 <USART1_Init>
 324:	86440513          	addi	a0,s0,-1948 # 864 <Delay_Ms+0x36>
 328:	3f05                	jal	258 <USART1_SendString>
 32a:	00001537          	lui	a0,0x1
 32e:	87c50513          	addi	a0,a0,-1924 # 87c <Delay_Ms+0x4e>
 332:	371d                	jal	258 <USART1_SendString>
 334:	00001537          	lui	a0,0x1
 338:	89050513          	addi	a0,a0,-1904 # 890 <Delay_Ms+0x62>
 33c:	3f31                	jal	258 <USART1_SendString>
 33e:	86440513          	addi	a0,s0,-1948
 342:	3f19                	jal	258 <USART1_SendString>
 344:	4401                	li	s0,0
 346:	00001937          	lui	s2,0x1
 34a:	000014b7          	lui	s1,0x1
 34e:	8a490513          	addi	a0,s2,-1884 # 8a4 <Delay_Ms+0x76>
 352:	3719                	jal	258 <USART1_SendString>
 354:	8522                	mv	a0,s0
 356:	3f19                	jal	26c <USART1_SendNum>
 358:	87848513          	addi	a0,s1,-1928 # 878 <Delay_Ms+0x4a>
 35c:	3df5                	jal	258 <USART1_SendString>
 35e:	3e800513          	li	a0,1000
 362:	0405                	addi	s0,s0,1
 364:	21e9                	jal	82e <Delay_Ms>
 366:	b7e5                	j	34e <main+0x36>

00000368 <SystemInit>:
 368:	400217b7          	lui	a5,0x40021
 36c:	4398                	lw	a4,0(a5)
 36e:	f0ff06b7          	lui	a3,0xf0ff0
 372:	1141                	addi	sp,sp,-16
 374:	00176713          	ori	a4,a4,1
 378:	c398                	sw	a4,0(a5)
 37a:	43d8                	lw	a4,4(a5)
 37c:	00020637          	lui	a2,0x20
 380:	8f75                	and	a4,a4,a3
 382:	c3d8                	sw	a4,4(a5)
 384:	4398                	lw	a4,0(a5)
 386:	fef706b7          	lui	a3,0xfef70
 38a:	16fd                	addi	a3,a3,-1
 38c:	8f75                	and	a4,a4,a3
 38e:	c398                	sw	a4,0(a5)
 390:	4398                	lw	a4,0(a5)
 392:	fffc06b7          	lui	a3,0xfffc0
 396:	16fd                	addi	a3,a3,-1
 398:	8f75                	and	a4,a4,a3
 39a:	c398                	sw	a4,0(a5)
 39c:	43d8                	lw	a4,4(a5)
 39e:	ff0106b7          	lui	a3,0xff010
 3a2:	16fd                	addi	a3,a3,-1
 3a4:	8f75                	and	a4,a4,a3
 3a6:	c3d8                	sw	a4,4(a5)
 3a8:	4398                	lw	a4,0(a5)
 3aa:	ec0006b7          	lui	a3,0xec000
 3ae:	16fd                	addi	a3,a3,-1
 3b0:	8f75                	and	a4,a4,a3
 3b2:	c398                	sw	a4,0(a5)
 3b4:	00ff0737          	lui	a4,0xff0
 3b8:	c798                	sw	a4,8(a5)
 3ba:	0207a623          	sw	zero,44(a5) # 4002102c <_eusrstack+0x2001902c>
 3be:	c402                	sw	zero,8(sp)
 3c0:	c602                	sw	zero,12(sp)
 3c2:	4398                	lw	a4,0(a5)
 3c4:	66c1                	lui	a3,0x10
 3c6:	8f55                	or	a4,a4,a3
 3c8:	c398                	sw	a4,0(a5)
 3ca:	400216b7          	lui	a3,0x40021
 3ce:	6705                	lui	a4,0x1
 3d0:	429c                	lw	a5,0(a3)
 3d2:	8ff1                	and	a5,a5,a2
 3d4:	c63e                	sw	a5,12(sp)
 3d6:	47a2                	lw	a5,8(sp)
 3d8:	0785                	addi	a5,a5,1
 3da:	c43e                	sw	a5,8(sp)
 3dc:	47b2                	lw	a5,12(sp)
 3de:	e781                	bnez	a5,3e6 <SystemInit+0x7e>
 3e0:	47a2                	lw	a5,8(sp)
 3e2:	fee797e3          	bne	a5,a4,3d0 <SystemInit+0x68>
 3e6:	400217b7          	lui	a5,0x40021
 3ea:	439c                	lw	a5,0(a5)
 3ec:	00e79713          	slli	a4,a5,0xe
 3f0:	06075763          	bgez	a4,45e <SystemInit+0xf6>
 3f4:	4785                	li	a5,1
 3f6:	c63e                	sw	a5,12(sp)
 3f8:	4732                	lw	a4,12(sp)
 3fa:	4785                	li	a5,1
 3fc:	04f71f63          	bne	a4,a5,45a <SystemInit+0xf2>
 400:	400217b7          	lui	a5,0x40021
 404:	43d8                	lw	a4,4(a5)
 406:	ffc106b7          	lui	a3,0xffc10
 40a:	16fd                	addi	a3,a3,-1
 40c:	c3d8                	sw	a4,4(a5)
 40e:	43d8                	lw	a4,4(a5)
 410:	c3d8                	sw	a4,4(a5)
 412:	43d8                	lw	a4,4(a5)
 414:	40076713          	ori	a4,a4,1024
 418:	c3d8                	sw	a4,4(a5)
 41a:	43d8                	lw	a4,4(a5)
 41c:	8f75                	and	a4,a4,a3
 41e:	c3d8                	sw	a4,4(a5)
 420:	43d8                	lw	a4,4(a5)
 422:	002906b7          	lui	a3,0x290
 426:	8f55                	or	a4,a4,a3
 428:	c3d8                	sw	a4,4(a5)
 42a:	4398                	lw	a4,0(a5)
 42c:	010006b7          	lui	a3,0x1000
 430:	8f55                	or	a4,a4,a3
 432:	c398                	sw	a4,0(a5)
 434:	4398                	lw	a4,0(a5)
 436:	00671693          	slli	a3,a4,0x6
 43a:	fe06dde3          	bgez	a3,434 <SystemInit+0xcc>
 43e:	43d8                	lw	a4,4(a5)
 440:	400216b7          	lui	a3,0x40021
 444:	9b71                	andi	a4,a4,-4
 446:	c3d8                	sw	a4,4(a5)
 448:	43d8                	lw	a4,4(a5)
 44a:	00276713          	ori	a4,a4,2
 44e:	c3d8                	sw	a4,4(a5)
 450:	4721                	li	a4,8
 452:	42dc                	lw	a5,4(a3)
 454:	8bb1                	andi	a5,a5,12
 456:	fee79ee3          	bne	a5,a4,452 <SystemInit+0xea>
 45a:	0141                	addi	sp,sp,16
 45c:	8082                	ret
 45e:	c602                	sw	zero,12(sp)
 460:	bf61                	j	3f8 <SystemInit+0x90>

00000462 <ADC1_2_IRQHandler>:
 462:	a001                	j	462 <ADC1_2_IRQHandler>

00000464 <handle_reset>:
 464:	20000197          	auipc	gp,0x20000
 468:	3ac18193          	addi	gp,gp,940 # 20000810 <__global_pointer$>
 46c:	20008117          	auipc	sp,0x20008
 470:	b9410113          	addi	sp,sp,-1132 # 20008000 <_eusrstack>
 474:	00000517          	auipc	a0,0x0
 478:	43c50513          	addi	a0,a0,1084 # 8b0 <_data_lma>
 47c:	20000597          	auipc	a1,0x20000
 480:	b8458593          	addi	a1,a1,-1148 # 20000000 <_data_vma>
 484:	80818613          	addi	a2,gp,-2040 # 20000018 <_edata>
 488:	00c5fa63          	bgeu	a1,a2,49c <handle_reset+0x38>
 48c:	00052283          	lw	t0,0(a0)
 490:	0055a023          	sw	t0,0(a1)
 494:	0511                	addi	a0,a0,4
 496:	0591                	addi	a1,a1,4
 498:	fec5eae3          	bltu	a1,a2,48c <handle_reset+0x28>
 49c:	80818513          	addi	a0,gp,-2040 # 20000018 <_edata>
 4a0:	80c18593          	addi	a1,gp,-2036 # 2000001c <_ebss>
 4a4:	00b57763          	bgeu	a0,a1,4b2 <handle_reset+0x4e>
 4a8:	00052023          	sw	zero,0(a0)
 4ac:	0511                	addi	a0,a0,4
 4ae:	feb56de3          	bltu	a0,a1,4a8 <handle_reset+0x44>
 4b2:	42fd                	li	t0,31
 4b4:	bc029073          	csrw	0xbc0,t0
 4b8:	42ad                	li	t0,11
 4ba:	80429073          	csrw	0x804,t0
 4be:	000062b7          	lui	t0,0x6
 4c2:	08828293          	addi	t0,t0,136 # 6088 <_data_lma+0x57d8>
 4c6:	30029073          	csrw	mstatus,t0
 4ca:	00000297          	auipc	t0,0x0
 4ce:	b3a28293          	addi	t0,t0,-1222 # 4 <_einit>
 4d2:	0032e293          	ori	t0,t0,3
 4d6:	30529073          	csrw	mtvec,t0
 4da:	e8fff0ef          	jal	ra,368 <SystemInit>
 4de:	00000297          	auipc	t0,0x0
 4e2:	e3a28293          	addi	t0,t0,-454 # 318 <main>
 4e6:	34129073          	csrw	mepc,t0
 4ea:	30200073          	mret

000004ee <GPIO_Init>:
 4ee:	459c                	lw	a5,8(a1)
 4f0:	0107f713          	andi	a4,a5,16
 4f4:	00f7f813          	andi	a6,a5,15
 4f8:	c701                	beqz	a4,500 <GPIO_Init+0x12>
 4fa:	41d8                	lw	a4,4(a1)
 4fc:	00e86833          	or	a6,a6,a4
 500:	218e                	lhu	a1,0(a1)
 502:	0ff5f713          	andi	a4,a1,255
 506:	c339                	beqz	a4,54c <GPIO_Init+0x5e>
 508:	4118                	lw	a4,0(a0)
 50a:	4681                	li	a3,0
 50c:	4e85                	li	t4,1
 50e:	4f3d                	li	t5,15
 510:	02800f93          	li	t6,40
 514:	04800293          	li	t0,72
 518:	4e21                	li	t3,8
 51a:	00de9633          	sll	a2,t4,a3
 51e:	00c5f8b3          	and	a7,a1,a2
 522:	03161163          	bne	a2,a7,544 <GPIO_Init+0x56>
 526:	00269893          	slli	a7,a3,0x2
 52a:	011f1333          	sll	t1,t5,a7
 52e:	fff34313          	not	t1,t1
 532:	00e37733          	and	a4,t1,a4
 536:	011818b3          	sll	a7,a6,a7
 53a:	00e8e733          	or	a4,a7,a4
 53e:	05f79f63          	bne	a5,t6,59c <GPIO_Init+0xae>
 542:	c950                	sw	a2,20(a0)
 544:	0685                	addi	a3,a3,1
 546:	fdc69ae3          	bne	a3,t3,51a <GPIO_Init+0x2c>
 54a:	c118                	sw	a4,0(a0)
 54c:	0ff00713          	li	a4,255
 550:	04b77563          	bgeu	a4,a1,59a <GPIO_Init+0xac>
 554:	4154                	lw	a3,4(a0)
 556:	4621                	li	a2,8
 558:	4e85                	li	t4,1
 55a:	4f3d                	li	t5,15
 55c:	02800f93          	li	t6,40
 560:	04800293          	li	t0,72
 564:	4e41                	li	t3,16
 566:	00ce98b3          	sll	a7,t4,a2
 56a:	0115f733          	and	a4,a1,a7
 56e:	02e89263          	bne	a7,a4,592 <GPIO_Init+0xa4>
 572:	00261713          	slli	a4,a2,0x2
 576:	1701                	addi	a4,a4,-32
 578:	00ef1333          	sll	t1,t5,a4
 57c:	fff34313          	not	t1,t1
 580:	00d376b3          	and	a3,t1,a3
 584:	00e81733          	sll	a4,a6,a4
 588:	8ed9                	or	a3,a3,a4
 58a:	01f79d63          	bne	a5,t6,5a4 <GPIO_Init+0xb6>
 58e:	01152a23          	sw	a7,20(a0)
 592:	0605                	addi	a2,a2,1
 594:	fdc619e3          	bne	a2,t3,566 <GPIO_Init+0x78>
 598:	c154                	sw	a3,4(a0)
 59a:	8082                	ret
 59c:	fa5794e3          	bne	a5,t0,544 <GPIO_Init+0x56>
 5a0:	c910                	sw	a2,16(a0)
 5a2:	b74d                	j	544 <GPIO_Init+0x56>
 5a4:	fe5797e3          	bne	a5,t0,592 <GPIO_Init+0xa4>
 5a8:	01152823          	sw	a7,16(a0)
 5ac:	b7dd                	j	592 <GPIO_Init+0xa4>

000005ae <RCC_GetClocksFreq>:
 5ae:	40021737          	lui	a4,0x40021
 5b2:	435c                	lw	a5,4(a4)
 5b4:	4691                	li	a3,4
 5b6:	8bb1                	andi	a5,a5,12
 5b8:	00d78563          	beq	a5,a3,5c2 <RCC_GetClocksFreq+0x14>
 5bc:	46a1                	li	a3,8
 5be:	06d78263          	beq	a5,a3,622 <RCC_GetClocksFreq+0x74>
 5c2:	007a17b7          	lui	a5,0x7a1
 5c6:	20078793          	addi	a5,a5,512 # 7a1200 <_data_lma+0x7a0950>
 5ca:	c11c                	sw	a5,0(a0)
 5cc:	40021637          	lui	a2,0x40021
 5d0:	425c                	lw	a5,4(a2)
 5d2:	20000737          	lui	a4,0x20000
 5d6:	00070713          	mv	a4,a4
 5da:	8391                	srli	a5,a5,0x4
 5dc:	8bbd                	andi	a5,a5,15
 5de:	97ba                	add	a5,a5,a4
 5e0:	2394                	lbu	a3,0(a5)
 5e2:	411c                	lw	a5,0(a0)
 5e4:	00d7d7b3          	srl	a5,a5,a3
 5e8:	c15c                	sw	a5,4(a0)
 5ea:	4254                	lw	a3,4(a2)
 5ec:	82a1                	srli	a3,a3,0x8
 5ee:	8a9d                	andi	a3,a3,7
 5f0:	96ba                	add	a3,a3,a4
 5f2:	2294                	lbu	a3,0(a3)
 5f4:	00d7d6b3          	srl	a3,a5,a3
 5f8:	c514                	sw	a3,8(a0)
 5fa:	4254                	lw	a3,4(a2)
 5fc:	82ad                	srli	a3,a3,0xb
 5fe:	8a9d                	andi	a3,a3,7
 600:	9736                	add	a4,a4,a3
 602:	2318                	lbu	a4,0(a4)
 604:	00e7d7b3          	srl	a5,a5,a4
 608:	c55c                	sw	a5,12(a0)
 60a:	4258                	lw	a4,4(a2)
 60c:	8339                	srli	a4,a4,0xe
 60e:	00377693          	andi	a3,a4,3
 612:	80418713          	addi	a4,gp,-2044 # 20000014 <ADCPrescTable>
 616:	9736                	add	a4,a4,a3
 618:	2318                	lbu	a4,0(a4)
 61a:	02e7d7b3          	divu	a5,a5,a4
 61e:	c91c                	sw	a5,16(a0)
 620:	8082                	ret
 622:	435c                	lw	a5,4(a4)
 624:	4358                	lw	a4,4(a4)
 626:	66c1                	lui	a3,0x10
 628:	83c9                	srli	a5,a5,0x12
 62a:	8f75                	and	a4,a4,a3
 62c:	1ffff6b7          	lui	a3,0x1ffff
 630:	70c6a683          	lw	a3,1804(a3) # 1ffff70c <_data_lma+0x1fffee5c>
 634:	8bbd                	andi	a5,a5,15
 636:	0789                	addi	a5,a5,2
 638:	01169613          	slli	a2,a3,0x11
 63c:	00064863          	bltz	a2,64c <RCC_GetClocksFreq+0x9e>
 640:	46c5                	li	a3,17
 642:	4601                	li	a2,0
 644:	02d79263          	bne	a5,a3,668 <RCC_GetClocksFreq+0xba>
 648:	47c9                	li	a5,18
 64a:	a839                	j	668 <RCC_GetClocksFreq+0xba>
 64c:	4689                	li	a3,2
 64e:	02d78f63          	beq	a5,a3,68c <RCC_GetClocksFreq+0xde>
 652:	46bd                	li	a3,15
 654:	02d78e63          	beq	a5,a3,690 <RCC_GetClocksFreq+0xe2>
 658:	46c1                	li	a3,16
 65a:	02d78e63          	beq	a5,a3,696 <RCC_GetClocksFreq+0xe8>
 65e:	46c5                	li	a3,17
 660:	4601                	li	a2,0
 662:	00d79363          	bne	a5,a3,668 <RCC_GetClocksFreq+0xba>
 666:	47c1                	li	a5,16
 668:	ef1d                	bnez	a4,6a6 <RCC_GetClocksFreq+0xf8>
 66a:	40024737          	lui	a4,0x40024
 66e:	80072703          	lw	a4,-2048(a4) # 40023800 <_eusrstack+0x2001b800>
 672:	8b41                	andi	a4,a4,16
 674:	c705                	beqz	a4,69c <RCC_GetClocksFreq+0xee>
 676:	007a1737          	lui	a4,0x7a1
 67a:	20070713          	addi	a4,a4,512 # 7a1200 <_data_lma+0x7a0950>
 67e:	02f707b3          	mul	a5,a4,a5
 682:	c11c                	sw	a5,0(a0)
 684:	d621                	beqz	a2,5cc <RCC_GetClocksFreq+0x1e>
 686:	411c                	lw	a5,0(a0)
 688:	8385                	srli	a5,a5,0x1
 68a:	b781                	j	5ca <RCC_GetClocksFreq+0x1c>
 68c:	4601                	li	a2,0
 68e:	bf6d                	j	648 <RCC_GetClocksFreq+0x9a>
 690:	4605                	li	a2,1
 692:	47b5                	li	a5,13
 694:	bfd1                	j	668 <RCC_GetClocksFreq+0xba>
 696:	4601                	li	a2,0
 698:	47bd                	li	a5,15
 69a:	b7f9                	j	668 <RCC_GetClocksFreq+0xba>
 69c:	003d1737          	lui	a4,0x3d1
 6a0:	90070713          	addi	a4,a4,-1792 # 3d0900 <_data_lma+0x3d0050>
 6a4:	bfe9                	j	67e <RCC_GetClocksFreq+0xd0>
 6a6:	400215b7          	lui	a1,0x40021
 6aa:	55d8                	lw	a4,44(a1)
 6ac:	00f71693          	slli	a3,a4,0xf
 6b0:	55d8                	lw	a4,44(a1)
 6b2:	0406df63          	bgez	a3,710 <RCC_GetClocksFreq+0x162>
 6b6:	8311                	srli	a4,a4,0x4
 6b8:	8b3d                	andi	a4,a4,15
 6ba:	00170693          	addi	a3,a4,1
 6be:	007a1737          	lui	a4,0x7a1
 6c2:	20070713          	addi	a4,a4,512 # 7a1200 <_data_lma+0x7a0950>
 6c6:	02d75733          	divu	a4,a4,a3
 6ca:	c118                	sw	a4,0(a0)
 6cc:	55d4                	lw	a3,44(a1)
 6ce:	82a1                	srli	a3,a3,0x8
 6d0:	8abd                	andi	a3,a3,15
 6d2:	e28d                	bnez	a3,6f4 <RCC_GetClocksFreq+0x146>
 6d4:	4695                	li	a3,5
 6d6:	02d70733          	mul	a4,a4,a3
 6da:	8305                	srli	a4,a4,0x1
 6dc:	c118                	sw	a4,0(a0)
 6de:	40021737          	lui	a4,0x40021
 6e2:	5758                	lw	a4,44(a4)
 6e4:	4114                	lw	a3,0(a0)
 6e6:	8b3d                	andi	a4,a4,15
 6e8:	0705                	addi	a4,a4,1
 6ea:	02e6d733          	divu	a4,a3,a4
 6ee:	c118                	sw	a4,0(a0)
 6f0:	4118                	lw	a4,0(a0)
 6f2:	b771                	j	67e <RCC_GetClocksFreq+0xd0>
 6f4:	4585                	li	a1,1
 6f6:	00b69463          	bne	a3,a1,6fe <RCC_GetClocksFreq+0x150>
 6fa:	46e5                	li	a3,25
 6fc:	bfe9                	j	6d6 <RCC_GetClocksFreq+0x128>
 6fe:	45bd                	li	a1,15
 700:	00b69663          	bne	a3,a1,70c <RCC_GetClocksFreq+0x15e>
 704:	46d1                	li	a3,20
 706:	02e68733          	mul	a4,a3,a4
 70a:	bfc9                	j	6dc <RCC_GetClocksFreq+0x12e>
 70c:	0689                	addi	a3,a3,2
 70e:	bfe5                	j	706 <RCC_GetClocksFreq+0x158>
 710:	8b3d                	andi	a4,a4,15
 712:	00170693          	addi	a3,a4,1 # 40021001 <_eusrstack+0x20019001>
 716:	007a1737          	lui	a4,0x7a1
 71a:	20070713          	addi	a4,a4,512 # 7a1200 <_data_lma+0x7a0950>
 71e:	02d75733          	divu	a4,a4,a3
 722:	b7f1                	j	6ee <RCC_GetClocksFreq+0x140>

00000724 <RCC_APB2PeriphClockCmd>:
 724:	c599                	beqz	a1,732 <RCC_APB2PeriphClockCmd+0xe>
 726:	40021737          	lui	a4,0x40021
 72a:	4f1c                	lw	a5,24(a4)
 72c:	8d5d                	or	a0,a0,a5
 72e:	cf08                	sw	a0,24(a4)
 730:	8082                	ret
 732:	400217b7          	lui	a5,0x40021
 736:	4f98                	lw	a4,24(a5)
 738:	fff54513          	not	a0,a0
 73c:	8d79                	and	a0,a0,a4
 73e:	cf88                	sw	a0,24(a5)
 740:	8082                	ret

00000742 <USART_Init>:
 742:	aafff2ef          	jal	t0,1f0 <__riscv_save_0>
 746:	291a                	lhu	a4,16(a0)
 748:	77f5                	lui	a5,0xffffd
 74a:	17fd                	addi	a5,a5,-1
 74c:	8ff9                	and	a5,a5,a4
 74e:	21fa                	lhu	a4,6(a1)
 750:	7179                	addi	sp,sp,-48
 752:	842a                	mv	s0,a0
 754:	8fd9                	or	a5,a5,a4
 756:	a91e                	sh	a5,16(a0)
 758:	259a                	lhu	a4,8(a1)
 75a:	21de                	lhu	a5,4(a1)
 75c:	2556                	lhu	a3,12(a0)
 75e:	c62e                	sw	a1,12(sp)
 760:	8fd9                	or	a5,a5,a4
 762:	25ba                	lhu	a4,10(a1)
 764:	8fd9                	or	a5,a5,a4
 766:	777d                	lui	a4,0xfffff
 768:	9f370713          	addi	a4,a4,-1549 # ffffe9f3 <_eusrstack+0xdfff69f3>
 76c:	8f75                	and	a4,a4,a3
 76e:	8fd9                	or	a5,a5,a4
 770:	a55e                	sh	a5,12(a0)
 772:	295e                	lhu	a5,20(a0)
 774:	25da                	lhu	a4,12(a1)
 776:	07c2                	slli	a5,a5,0x10
 778:	83c1                	srli	a5,a5,0x10
 77a:	cff7f793          	andi	a5,a5,-769
 77e:	8fd9                	or	a5,a5,a4
 780:	a95e                	sh	a5,20(a0)
 782:	0868                	addi	a0,sp,28
 784:	352d                	jal	5ae <RCC_GetClocksFreq>
 786:	400147b7          	lui	a5,0x40014
 78a:	80078793          	addi	a5,a5,-2048 # 40013800 <_eusrstack+0x2000b800>
 78e:	45b2                	lw	a1,12(sp)
 790:	04f41063          	bne	s0,a5,7d0 <USART_Init+0x8e>
 794:	57a2                	lw	a5,40(sp)
 796:	4765                	li	a4,25
 798:	02e787b3          	mul	a5,a5,a4
 79c:	4198                	lw	a4,0(a1)
 79e:	06400613          	li	a2,100
 7a2:	070a                	slli	a4,a4,0x2
 7a4:	02e7d7b3          	divu	a5,a5,a4
 7a8:	02c7d6b3          	divu	a3,a5,a2
 7ac:	02c7f7b3          	remu	a5,a5,a2
 7b0:	0692                	slli	a3,a3,0x4
 7b2:	00479713          	slli	a4,a5,0x4
 7b6:	03270793          	addi	a5,a4,50
 7ba:	63f00713          	li	a4,1599
 7be:	00f77b63          	bgeu	a4,a5,7d4 <USART_Init+0x92>
 7c2:	01068793          	addi	a5,a3,16
 7c6:	07c2                	slli	a5,a5,0x10
 7c8:	83c1                	srli	a5,a5,0x10
 7ca:	a41e                	sh	a5,8(s0)
 7cc:	6145                	addi	sp,sp,48
 7ce:	b499                	j	214 <__riscv_restore_0>
 7d0:	5792                	lw	a5,36(sp)
 7d2:	b7d1                	j	796 <USART_Init+0x54>
 7d4:	02c7d7b3          	divu	a5,a5,a2
 7d8:	8fd5                	or	a5,a5,a3
 7da:	b7f5                	j	7c6 <USART_Init+0x84>

000007dc <USART_Cmd>:
 7dc:	c591                	beqz	a1,7e8 <USART_Cmd+0xc>
 7de:	255e                	lhu	a5,12(a0)
 7e0:	6709                	lui	a4,0x2
 7e2:	8fd9                	or	a5,a5,a4
 7e4:	a55e                	sh	a5,12(a0)
 7e6:	8082                	ret
 7e8:	255a                	lhu	a4,12(a0)
 7ea:	77f9                	lui	a5,0xffffe
 7ec:	17fd                	addi	a5,a5,-1
 7ee:	8ff9                	and	a5,a5,a4
 7f0:	bfd5                	j	7e4 <USART_Cmd+0x8>

000007f2 <USART_SendData>:
 7f2:	1ff5f593          	andi	a1,a1,511
 7f6:	a14e                	sh	a1,4(a0)
 7f8:	8082                	ret

000007fa <USART_GetFlagStatus>:
 7fa:	210a                	lhu	a0,0(a0)
 7fc:	8d6d                	and	a0,a0,a1
 7fe:	00a03533          	snez	a0,a0
 802:	8082                	ret

00000804 <Delay_Init>:
 804:	200007b7          	lui	a5,0x20000
 808:	0107a783          	lw	a5,16(a5) # 20000010 <SystemCoreClock>
 80c:	007a1737          	lui	a4,0x7a1
 810:	20070713          	addi	a4,a4,512 # 7a1200 <_data_lma+0x7a0950>
 814:	02e7d7b3          	divu	a5,a5,a4
 818:	0ff7f793          	andi	a5,a5,255
 81c:	80f18523          	sb	a5,-2038(gp) # 2000001a <p_us>
 820:	3e800713          	li	a4,1000
 824:	02e787b3          	mul	a5,a5,a4
 828:	80f19423          	sh	a5,-2040(gp) # 20000018 <_edata>
 82c:	8082                	ret

0000082e <Delay_Ms>:
 82e:	e000f7b7          	lui	a5,0xe000f
 832:	43d8                	lw	a4,4(a5)
 834:	4681                	li	a3,0
 836:	9b79                	andi	a4,a4,-2
 838:	c3d8                	sw	a4,4(a5)
 83a:	8081d703          	lhu	a4,-2040(gp) # 20000018 <_edata>
 83e:	02a70633          	mul	a2,a4,a0
 842:	cb90                	sw	a2,16(a5)
 844:	cbd4                	sw	a3,20(a5)
 846:	4398                	lw	a4,0(a5)
 848:	01076713          	ori	a4,a4,16
 84c:	c398                	sw	a4,0(a5)
 84e:	4398                	lw	a4,0(a5)
 850:	02176713          	ori	a4,a4,33
 854:	c398                	sw	a4,0(a5)
 856:	43d8                	lw	a4,4(a5)
 858:	8b05                	andi	a4,a4,1
 85a:	df75                	beqz	a4,856 <Delay_Ms+0x28>
 85c:	4398                	lw	a4,0(a5)
 85e:	9b79                	andi	a4,a4,-2
 860:	c398                	sw	a4,0(a5)
 862:	8082                	ret
 864:	3d3d                	jal	6a2 <RCC_GetClocksFreq+0xf4>
 866:	3d3d                	jal	6a4 <RCC_GetClocksFreq+0xf6>
 868:	3d3d                	jal	6a6 <RCC_GetClocksFreq+0xf8>
 86a:	3d3d                	jal	6a8 <RCC_GetClocksFreq+0xfa>
 86c:	3d3d                	jal	6aa <RCC_GetClocksFreq+0xfc>
 86e:	3d3d                	jal	6ac <RCC_GetClocksFreq+0xfe>
 870:	3d3d                	jal	6ae <RCC_GetClocksFreq+0x100>
 872:	3d3d                	jal	6b0 <RCC_GetClocksFreq+0x102>
 874:	3d3d                	jal	6b2 <RCC_GetClocksFreq+0x104>
 876:	3d3d                	jal	6b4 <RCC_GetClocksFreq+0x106>
 878:	0a0d                	addi	s4,s4,3
 87a:	0000                	unimp
 87c:	2020                	lbu	s0,2(s0)
 87e:	6548                	flw	fa0,12(a0)
 880:	6c6c                	flw	fa1,92(s0)
 882:	4843206f          	j	32d06 <_data_lma+0x32456>
 886:	33563233          	0x33563233
 88a:	3730                	lbu	a2,11(a4)
 88c:	0d21                	addi	s10,s10,8
 88e:	000a                	c.slli	zero,0x2
 890:	2020                	lbu	s0,2(s0)
 892:	aeb4                	sb	a3,26(a3)
 894:	f4c6dabf c9b3afb6 	0xc9b3afb6f4c6dabf
 89c:	a6b9                	j	bea <_data_lma+0x33a>
 89e:	0a0da1a3          	sw	zero,163(s11)
 8a2:	0000                	unimp
 8a4:	6e756f63          	bltu	a0,t2,fa2 <_data_lma+0x6f2>
 8a8:	2074                	lbu	a3,6(s0)
 8aa:	203d                	jal	8d8 <_data_lma+0x28>
 8ac:	0000                	unimp
	...
